// Jest Snapshot v1, https://goo.gl/fbAQLP

exports[`Component Rendering component should render correctly 1`] = `
<div
  id="application-root"
>
  <h1>
    <Greeter
      greeting="Bonjour!"
    />
    , Using React 
    16.4.2
  </h1>
  <Counter />
  <nav>
    <Link
      replace={false}
      to="/repolist"
    >
      Repo List
    </Link>
  </nav>
  <div>
    <Route
      component={[Function]}
      path="/repolist"
    />
  </div>
</div>
`;
